// Vitest Snapshot v1, https://vitest.dev/guide/snapshot.html

exports[`golden: freeze additions > Object.isFrozen over every constant, LEGACY_TAGS and ALL_TAGS 1`] = `
[
  "TAG_ACCOUNT_DESCRIPTOR frozen=true",
  "TAG_ADDRESS frozen=true",
  "TAG_ARID frozen=true",
  "TAG_COMPRESSED frozen=true",
  "TAG_DERIVATION_PATH frozen=true",
  "TAG_DIGEST frozen=true",
  "TAG_EC_KEY frozen=true",
  "TAG_ENCODED_CBOR frozen=true",
  "TAG_ENCRYPTED frozen=true",
  "TAG_ENCRYPTED_KEY frozen=true",
  "TAG_ENVELOPE frozen=true",
  "TAG_EVENT frozen=true",
  "TAG_FUNCTION frozen=true",
  "TAG_HDKEY frozen=true",
  "TAG_JSON frozen=true",
  "TAG_KNOWN_VALUE frozen=true",
  "TAG_LEAF frozen=true",
  "TAG_MLDSA_PRIVATE_KEY frozen=true",
  "TAG_MLDSA_PUBLIC_KEY frozen=true",
  "TAG_MLDSA_SIGNATURE frozen=true",
  "TAG_MLKEM_CIPHERTEXT frozen=true",
  "TAG_MLKEM_PRIVATE_KEY frozen=true",
  "TAG_MLKEM_PUBLIC_KEY frozen=true",
  "TAG_NONCE frozen=true",
  "TAG_OUTPUT_COMBO frozen=true",
  "TAG_OUTPUT_COSIGNER frozen=true",
  "TAG_OUTPUT_DESCRIPTOR frozen=true",
  "TAG_OUTPUT_MULTISIG frozen=true",
  "TAG_OUTPUT_PUBLIC_KEY frozen=true",
  "TAG_OUTPUT_PUBLIC_KEY_HASH frozen=true",
  "TAG_OUTPUT_RAW_SCRIPT frozen=true",
  "TAG_OUTPUT_SCRIPT_HASH frozen=true",
  "TAG_OUTPUT_SORTED_MULTISIG frozen=true",
  "TAG_OUTPUT_TAPROOT frozen=true",
  "TAG_OUTPUT_WITNESS_PUBLIC_KEY_HASH frozen=true",
  "TAG_OUTPUT_WITNESS_SCRIPT_HASH frozen=true",
  "TAG_PARAMETER frozen=true",
  "TAG_PASSWORD frozen=true",
  "TAG_PLACEHOLDER frozen=true",
  "TAG_PRIVATE_KEY_BASE frozen=true",
  "TAG_PRIVATE_KEYS frozen=true",
  "TAG_PROVENANCE_MARK frozen=true",
  "TAG_PSBT frozen=true",
  "TAG_PUBLIC_KEYS frozen=true",
  "TAG_REFERENCE frozen=true",
  "TAG_REPLACEMENT frozen=true",
  "TAG_REQUEST frozen=true",
  "TAG_RESPONSE frozen=true",
  "TAG_SALT frozen=true",
  "TAG_SEALED_MESSAGE frozen=true",
  "TAG_SEED frozen=true",
  "TAG_SIGNATURE frozen=true",
  "TAG_SIGNING_PRIVATE_KEY frozen=true",
  "TAG_SIGNING_PUBLIC_KEY frozen=true",
  "TAG_SSH_TEXT_CERTIFICATE frozen=true",
  "TAG_SSH_TEXT_PRIVATE_KEY frozen=true",
  "TAG_SSH_TEXT_PUBLIC_KEY frozen=true",
  "TAG_SSH_TEXT_SIGNATURE frozen=true",
  "TAG_SSKR_SHARE frozen=true",
  "TAG_SYMMETRIC_KEY frozen=true",
  "TAG_URI frozen=true",
  "TAG_USE_INFO frozen=true",
  "TAG_UUID frozen=true",
  "TAG_X25519_PRIVATE_KEY frozen=true",
  "TAG_X25519_PUBLIC_KEY frozen=true",
  "TAG_XID frozen=true",
  "LEGACY_TAGS.SEED_V1 frozen=true",
  "LEGACY_TAGS.EC_KEY_V1 frozen=true",
  "LEGACY_TAGS.SSKR_SHARE_V1 frozen=true",
  "LEGACY_TAGS.HDKEY_V1 frozen=true",
  "LEGACY_TAGS.DERIVATION_PATH_V1 frozen=true",
  "LEGACY_TAGS.USE_INFO_V1 frozen=true",
  "LEGACY_TAGS.OUTPUT_DESCRIPTOR_V1 frozen=true",
  "LEGACY_TAGS.PSBT_V1 frozen=true",
  "LEGACY_TAGS.ACCOUNT_V1 frozen=true",
  "LEGACY_TAGS frozen=true",
  "ALL_TAGS frozen=true",
]
`;

exports[`golden: freeze additions > mutate a constant, then registerTags into a fresh store 1`] = `"TAG_ENVELOPE.name = "x" → TypeError; registerTags on a fresh store names 200 as "envelope""`;

exports[`golden: tag table > registry after registerTags on a fresh store 1`] = `
[
  "1 → date",
  "2 → 2",
  "3 → 3",
  "24 → encoded-cbor",
  "32 → url",
  "37 → uuid",
  "100 → 100",
  "200 → envelope",
  "201 → leaf",
  "262 → json",
  "300 → crypto-seed",
  "303 → crypto-hdkey",
  "304 → crypto-keypath",
  "305 → crypto-coin-info",
  "306 → crypto-eckey",
  "307 → crypto-output",
  "309 → crypto-sskr",
  "310 → crypto-psbt",
  "311 → crypto-account",
  "400 → output-script-hash",
  "401 → output-witness-script-hash",
  "402 → output-public-key",
  "403 → output-public-key-hash",
  "404 → output-witness-public-key-hash",
  "405 → output-combo",
  "406 → output-multisig",
  "407 → output-sorted-multisig",
  "408 → output-raw-script",
  "409 → output-taproot",
  "410 → output-cosigner",
  "40000 → known-value",
  "40001 → digest",
  "40002 → encrypted",
  "40003 → compressed",
  "40004 → request",
  "40005 → response",
  "40006 → function",
  "40007 → parameter",
  "40008 → placeholder",
  "40009 → replacement",
  "40010 → agreement-private-key",
  "40011 → agreement-public-key",
  "40012 → arid",
  "40013 → crypto-prvkeys",
  "40014 → nonce",
  "40015 → password",
  "40016 → crypto-prvkey-base",
  "40017 → crypto-pubkeys",
  "40018 → salt",
  "40019 → crypto-sealed",
  "40020 → signature",
  "40021 → signing-private-key",
  "40022 → signing-public-key",
  "40023 → crypto-key",
  "40024 → xid",
  "40025 → reference",
  "40026 → event",
  "40027 → encrypted-key",
  "40100 → mlkem-private-key",
  "40101 → mlkem-public-key",
  "40102 → mlkem-ciphertext",
  "40103 → mldsa-private-key",
  "40104 → mldsa-public-key",
  "40105 → mldsa-signature",
  "40300 → seed",
  "40303 → hdkey",
  "40304 → keypath",
  "40305 → coin-info",
  "40306 → eckey",
  "40307 → address",
  "40308 → output-descriptor",
  "40309 → sskr",
  "40310 → psbt",
  "40311 → account-descriptor",
  "40800 → ssh-private",
  "40801 → ssh-public",
  "40802 → ssh-signature",
  "40803 → ssh-certificate",
  "999999 → 999999",
  "1347571542 → provenance",
]
`;

exports[`golden: tag table > table (sorted by value) 1`] = `
[
  "24 encoded-cbor (TAG_ENCODED_CBOR)",
  "32 url (TAG_URI)",
  "37 uuid (TAG_UUID)",
  "200 envelope (TAG_ENVELOPE)",
  "201 leaf (TAG_LEAF)",
  "262 json (TAG_JSON)",
  "300 crypto-seed (SEED_V1)",
  "303 crypto-hdkey (HDKEY_V1)",
  "304 crypto-keypath (DERIVATION_PATH_V1)",
  "305 crypto-coin-info (USE_INFO_V1)",
  "306 crypto-eckey (EC_KEY_V1)",
  "307 crypto-output (OUTPUT_DESCRIPTOR_V1)",
  "309 crypto-sskr (SSKR_SHARE_V1)",
  "310 crypto-psbt (PSBT_V1)",
  "311 crypto-account (ACCOUNT_V1)",
  "400 output-script-hash (TAG_OUTPUT_SCRIPT_HASH)",
  "401 output-witness-script-hash (TAG_OUTPUT_WITNESS_SCRIPT_HASH)",
  "402 output-public-key (TAG_OUTPUT_PUBLIC_KEY)",
  "403 output-public-key-hash (TAG_OUTPUT_PUBLIC_KEY_HASH)",
  "404 output-witness-public-key-hash (TAG_OUTPUT_WITNESS_PUBLIC_KEY_HASH)",
  "405 output-combo (TAG_OUTPUT_COMBO)",
  "406 output-multisig (TAG_OUTPUT_MULTISIG)",
  "407 output-sorted-multisig (TAG_OUTPUT_SORTED_MULTISIG)",
  "408 output-raw-script (TAG_OUTPUT_RAW_SCRIPT)",
  "409 output-taproot (TAG_OUTPUT_TAPROOT)",
  "410 output-cosigner (TAG_OUTPUT_COSIGNER)",
  "40000 known-value (TAG_KNOWN_VALUE)",
  "40001 digest (TAG_DIGEST)",
  "40002 encrypted (TAG_ENCRYPTED)",
  "40003 compressed (TAG_COMPRESSED)",
  "40004 request (TAG_REQUEST)",
  "40005 response (TAG_RESPONSE)",
  "40006 function (TAG_FUNCTION)",
  "40007 parameter (TAG_PARAMETER)",
  "40008 placeholder (TAG_PLACEHOLDER)",
  "40009 replacement (TAG_REPLACEMENT)",
  "40010 agreement-private-key (TAG_X25519_PRIVATE_KEY)",
  "40011 agreement-public-key (TAG_X25519_PUBLIC_KEY)",
  "40012 arid (TAG_ARID)",
  "40013 crypto-prvkeys (TAG_PRIVATE_KEYS)",
  "40014 nonce (TAG_NONCE)",
  "40015 password (TAG_PASSWORD)",
  "40016 crypto-prvkey-base (TAG_PRIVATE_KEY_BASE)",
  "40017 crypto-pubkeys (TAG_PUBLIC_KEYS)",
  "40018 salt (TAG_SALT)",
  "40019 crypto-sealed (TAG_SEALED_MESSAGE)",
  "40020 signature (TAG_SIGNATURE)",
  "40021 signing-private-key (TAG_SIGNING_PRIVATE_KEY)",
  "40022 signing-public-key (TAG_SIGNING_PUBLIC_KEY)",
  "40023 crypto-key (TAG_SYMMETRIC_KEY)",
  "40024 xid (TAG_XID)",
  "40025 reference (TAG_REFERENCE)",
  "40026 event (TAG_EVENT)",
  "40027 encrypted-key (TAG_ENCRYPTED_KEY)",
  "40100 mlkem-private-key (TAG_MLKEM_PRIVATE_KEY)",
  "40101 mlkem-public-key (TAG_MLKEM_PUBLIC_KEY)",
  "40102 mlkem-ciphertext (TAG_MLKEM_CIPHERTEXT)",
  "40103 mldsa-private-key (TAG_MLDSA_PRIVATE_KEY)",
  "40104 mldsa-public-key (TAG_MLDSA_PUBLIC_KEY)",
  "40105 mldsa-signature (TAG_MLDSA_SIGNATURE)",
  "40300 seed (TAG_SEED)",
  "40303 hdkey (TAG_HDKEY)",
  "40304 keypath (TAG_DERIVATION_PATH)",
  "40305 coin-info (TAG_USE_INFO)",
  "40306 eckey (TAG_EC_KEY)",
  "40307 address (TAG_ADDRESS)",
  "40308 output-descriptor (TAG_OUTPUT_DESCRIPTOR)",
  "40309 sskr (TAG_SSKR_SHARE)",
  "40310 psbt (TAG_PSBT)",
  "40311 account-descriptor (TAG_ACCOUNT_DESCRIPTOR)",
  "40800 ssh-private (TAG_SSH_TEXT_PRIVATE_KEY)",
  "40801 ssh-public (TAG_SSH_TEXT_PUBLIC_KEY)",
  "40802 ssh-signature (TAG_SSH_TEXT_SIGNATURE)",
  "40803 ssh-certificate (TAG_SSH_TEXT_CERTIFICATE)",
  "1347571542 provenance (TAG_PROVENANCE_MARK)",
]
`;
