// Bun Snapshot v1, https://bun.sh/docs/test/snapshots

exports[`golden: tag table table (sorted by value) 1`] = `
[
  "24 encoded-cbor (ENCODED_CBOR)",
  "32 url (URI)",
  "37 uuid (UUID)",
  "200 envelope (ENVELOPE)",
  "201 leaf (LEAF)",
  "262 json (JSON)",
  "300 crypto-seed (SEED_V1)",
  "303 crypto-hdkey (HDKEY_V1)",
  "304 crypto-keypath (DERIVATION_PATH_V1)",
  "305 crypto-coin-info (USE_INFO_V1)",
  "306 crypto-eckey (EC_KEY_V1)",
  "307 crypto-output (OUTPUT_DESCRIPTOR_V1)",
  "309 crypto-sskr (SSKR_SHARE_V1)",
  "310 crypto-psbt (PSBT_V1)",
  "311 crypto-account (ACCOUNT_V1)",
  "400 output-script-hash (OUTPUT_SCRIPT_HASH)",
  "401 output-witness-script-hash (OUTPUT_WITNESS_SCRIPT_HASH)",
  "402 output-public-key (OUTPUT_PUBLIC_KEY)",
  "403 output-public-key-hash (OUTPUT_PUBLIC_KEY_HASH)",
  "404 output-witness-public-key-hash (OUTPUT_WITNESS_PUBLIC_KEY_HASH)",
  "405 output-combo (OUTPUT_COMBO)",
  "406 output-multisig (OUTPUT_MULTISIG)",
  "407 output-sorted-multisig (OUTPUT_SORTED_MULTISIG)",
  "408 output-raw-script (OUTPUT_RAW_SCRIPT)",
  "409 output-taproot (OUTPUT_TAPROOT)",
  "410 output-cosigner (OUTPUT_COSIGNER)",
  "40000 known-value (KNOWN_VALUE)",
  "40001 digest (DIGEST)",
  "40002 encrypted (ENCRYPTED)",
  "40003 compressed (COMPRESSED)",
  "40004 request (REQUEST)",
  "40005 response (RESPONSE)",
  "40006 function (FUNCTION)",
  "40007 parameter (PARAMETER)",
  "40008 placeholder (PLACEHOLDER)",
  "40009 replacement (REPLACEMENT)",
  "40010 agreement-private-key (X25519_PRIVATE_KEY)",
  "40011 agreement-public-key (X25519_PUBLIC_KEY)",
  "40012 arid (ARID)",
  "40013 crypto-prvkeys (PRIVATE_KEYS)",
  "40014 nonce (NONCE)",
  "40015 password (PASSWORD)",
  "40016 crypto-prvkey-base (PRIVATE_KEY_BASE)",
  "40017 crypto-pubkeys (PUBLIC_KEYS)",
  "40018 salt (SALT)",
  "40019 crypto-sealed (SEALED_MESSAGE)",
  "40020 signature (SIGNATURE)",
  "40021 signing-private-key (SIGNING_PRIVATE_KEY)",
  "40022 signing-public-key (SIGNING_PUBLIC_KEY)",
  "40023 crypto-key (SYMMETRIC_KEY)",
  "40024 xid (XID)",
  "40025 reference (REFERENCE)",
  "40026 event (EVENT)",
  "40027 encrypted-key (ENCRYPTED_KEY)",
  "40100 mlkem-private-key (MLKEM_PRIVATE_KEY)",
  "40101 mlkem-public-key (MLKEM_PUBLIC_KEY)",
  "40102 mlkem-ciphertext (MLKEM_CIPHERTEXT)",
  "40103 mldsa-private-key (MLDSA_PRIVATE_KEY)",
  "40104 mldsa-public-key (MLDSA_PUBLIC_KEY)",
  "40105 mldsa-signature (MLDSA_SIGNATURE)",
  "40300 seed (SEED)",
  "40303 hdkey (HDKEY)",
  "40304 keypath (DERIVATION_PATH)",
  "40305 coin-info (USE_INFO)",
  "40306 eckey (EC_KEY)",
  "40307 address (ADDRESS)",
  "40308 output-descriptor (OUTPUT_DESCRIPTOR)",
  "40309 sskr (SSKR_SHARE)",
  "40310 psbt (PSBT)",
  "40311 account-descriptor (ACCOUNT_DESCRIPTOR)",
  "40800 ssh-private (SSH_TEXT_PRIVATE_KEY)",
  "40801 ssh-public (SSH_TEXT_PUBLIC_KEY)",
  "40802 ssh-signature (SSH_TEXT_SIGNATURE)",
  "40803 ssh-certificate (SSH_TEXT_CERTIFICATE)",
  "1347571542 provenance (PROVENANCE_MARK)",
]
`;

exports[`golden: tag table registry after registerTags on a fresh store 1`] = `
[
  "1 → date",
  "2 → positive-bignum",
  "3 → negative-bignum",
  "24 → encoded-cbor",
  "32 → url",
  "37 → uuid",
  "100 → 100",
  "200 → envelope",
  "201 → leaf",
  "262 → json",
  "300 → crypto-seed",
  "303 → crypto-hdkey",
  "304 → crypto-keypath",
  "305 → crypto-coin-info",
  "306 → crypto-eckey",
  "307 → crypto-output",
  "309 → crypto-sskr",
  "310 → crypto-psbt",
  "311 → crypto-account",
  "400 → output-script-hash",
  "401 → output-witness-script-hash",
  "402 → output-public-key",
  "403 → output-public-key-hash",
  "404 → output-witness-public-key-hash",
  "405 → output-combo",
  "406 → output-multisig",
  "407 → output-sorted-multisig",
  "408 → output-raw-script",
  "409 → output-taproot",
  "410 → output-cosigner",
  "40000 → known-value",
  "40001 → digest",
  "40002 → encrypted",
  "40003 → compressed",
  "40004 → request",
  "40005 → response",
  "40006 → function",
  "40007 → parameter",
  "40008 → placeholder",
  "40009 → replacement",
  "40010 → agreement-private-key",
  "40011 → agreement-public-key",
  "40012 → arid",
  "40013 → crypto-prvkeys",
  "40014 → nonce",
  "40015 → password",
  "40016 → crypto-prvkey-base",
  "40017 → crypto-pubkeys",
  "40018 → salt",
  "40019 → crypto-sealed",
  "40020 → signature",
  "40021 → signing-private-key",
  "40022 → signing-public-key",
  "40023 → crypto-key",
  "40024 → xid",
  "40025 → reference",
  "40026 → event",
  "40027 → encrypted-key",
  "40100 → mlkem-private-key",
  "40101 → mlkem-public-key",
  "40102 → mlkem-ciphertext",
  "40103 → mldsa-private-key",
  "40104 → mldsa-public-key",
  "40105 → mldsa-signature",
  "40300 → seed",
  "40303 → hdkey",
  "40304 → keypath",
  "40305 → coin-info",
  "40306 → eckey",
  "40307 → address",
  "40308 → output-descriptor",
  "40309 → sskr",
  "40310 → psbt",
  "40311 → account-descriptor",
  "40800 → ssh-private",
  "40801 → ssh-public",
  "40802 → ssh-signature",
  "40803 → ssh-certificate",
  "999999 → 999999",
  "1347571542 → provenance",
]
`;
